// Jest Snapshot v1, https://goo.gl/fbAQLP

exports[`namespace supports vml, wml and office namespaces: 
"
<v:roundrect arcsize=\\"10%\\"
  strokecolor=\\"#1e3650\\"
  fill=\\"true\\"
  href=\\"https://example.com\\"
  style=\\"v-text-anchor:middle;height:40px;width:200px\\">
  <w:anchorlock />

  <v:fill type=\\"tile\\"
    src=\\"https://i.imgur.com/0xPEf.gif\\"
    color=\\"#556270\\" />

  <center style=\\"font-family:sans-serif;font-weight:bold;font-size:13px;color:#ffffff\\">Click me
  </center>
</v:roundrect>"
 1`] = `
"
<v:roundrect arcsize=\\"10%\\"
  strokecolor=\\"#1e3650\\"
  fill=\\"true\\"
  href=\\"https://example.com\\"
  style=\\"v-text-anchor:middle;height:40px;width:200px\\">
  <w:anchorlock />

  <v:fill type=\\"tile\\"
    src=\\"https://i.imgur.com/0xPEf.gif\\"
    color=\\"#556270\\" />

  <center style=\\"font-family:sans-serif;font-weight:bold;font-size:13px;color:#ffffff\\">Click me
  </center>
</v:roundrect>"
`;
